// Jest Snapshot v1, https://goo.gl/fbAQLP

exports[`App Component renders App coponent correctly 1`] = `
<div
  className="App"
>
  <header
    className="App-header"
  >
    <h1>
      Welcome to Coupon code Appppp
    </h1>
  </header>
</div>
`;
